2026-01-31 16:24:56,903 - modelscope - WARNING - ('CUSTOM_DATASETS', 'text2text-generation', 'T5') not found in ast index file
2026-01-31 16:24:56,904 - modelscope - WARNING - ('CUSTOM_DATASETS', 'text2text-generation', 'T5') not found in ast index file
2026-01-31 16:24:56,915 - modelscope - INFO - cuda is not available, using cpu instead.
2026-01-31 16:24:56,915 - modelscope - INFO - ==========================Training Config Start==========================
2026-01-31 16:24:56,915 - modelscope - INFO - {
    "framework": "pytorch",
    "task": "text2text-generation",
    "model": {
        "type": "T5",
        "language": "zh"
    },
    "pipeline": {
        "type": "text2text-generation"
    },
    "preprocessor": {
        "type": "text-gen-tokenizer",
        "sequence_length": 15,
        "mode": "eval",
        "use_fast": true
    },
    "train": {
        "work_dir": "./workspace/generator/couplet",
        "max_epochs": 2,
        "dataloader": {
            "batch_size_per_gpu": 2,
            "workers_per_gpu": 0
        },
        "optimizer": {
            "type": "AdamW",
            "lr": 0.001,
            "options": {}
        },
        "lr_scheduler": {
            "type": "LambdaLR",
            "lr_lambda": null,
            "options": {
                "by_epoch": false
            }
        },
        "hooks": [
            {
                "type": "IterTimerHook"
            }
        ],
        "logging": {
            "interval": 1,
            "out_dir": "./workspace/generator/couplet"
        },
        "checkpoint": {
            "period": {
                "interval": 1,
                "save_dir": "./workspace/generator/couplet"
            }
        }
    },
    "evaluation": {
        "dataloader": {
            "batch_size_per_gpu": 1,
            "workers_per_gpu": 0
        },
        "metrics": [
            {
                "type": "text-gen-metric"
            }
        ]
    },
    "allow_remote": true
}
2026-01-31 16:24:56,915 - modelscope - INFO - ===========================Training Config End===========================
2026-01-31 16:24:56,916 - modelscope - WARNING - ('OPTIMIZER', 'default', 'AdamW') not found in ast index file
2026-01-31 16:24:56,917 - modelscope - WARNING - ('LR_SCHEDULER', 'default', 'LambdaLR') not found in ast index file
2026-01-31 16:24:56,925 - modelscope - INFO - Stage: before_run:
    (ABOVE_NORMAL) OptimizerHook                      
    (LOW         ) LrSchedulerHook                    
    (LOW         ) CheckpointHook                     
    (VERY_LOW    ) TextLoggerHook                     
 -------------------- 
Stage: before_train_epoch:
    (LOW         ) LrSchedulerHook                    
 -------------------- 
Stage: before_train_iter:
    (ABOVE_NORMAL) OptimizerHook                      
 -------------------- 
Stage: after_train_iter:
    (ABOVE_NORMAL) OptimizerHook                      
    (LOW         ) LrSchedulerHook                    
    (LOW         ) CheckpointHook                     
    (VERY_LOW    ) TextLoggerHook                     
 -------------------- 
Stage: after_train_epoch:
    (LOW         ) LrSchedulerHook                    
    (LOW         ) CheckpointHook                     
    (VERY_LOW    ) TextLoggerHook                     
 -------------------- 
Stage: after_val_epoch:
    (VERY_LOW    ) TextLoggerHook                     
 -------------------- 
Stage: after_run:
    (LOW         ) CheckpointHook                     
 -------------------- 
2026-01-31 16:24:56,941 - modelscope - INFO - Checkpoints will be saved to ./workspace/generator/couplet
2026-01-31 16:24:56,941 - modelscope - INFO - Text logs will be saved to ./workspace/generator/couplet
2026-01-31 16:25:28,262 - modelscope - INFO - epoch [1][1/10]	lr: 1.789e-07, eta: 0:09:54, iter_time: 31.264, data_load_time: 5.088, loss: 13.2731
2026-01-31 16:25:47,439 - modelscope - INFO - epoch [1][2/10]	lr: 2.683e-07, eta: 0:07:33, iter_time: 19.165, data_load_time: 0.197, loss: 12.4785
2026-01-31 16:25:56,397 - modelscope - INFO - epoch [1][3/10]	lr: 3.578e-07, eta: 0:05:36, iter_time: 8.992, data_load_time: 0.265, loss: 12.0370
2026-01-31 16:26:04,750 - modelscope - INFO - epoch [1][4/10]	lr: 4.472e-07, eta: 0:04:31, iter_time: 8.354, data_load_time: 0.165, loss: 13.0927
2026-01-31 16:26:11,250 - modelscope - INFO - epoch [1][5/10]	lr: 5.367e-07, eta: 0:03:42, iter_time: 6.459, data_load_time: 0.129, loss: 12.8146
2026-01-31 16:26:20,073 - modelscope - INFO - epoch [1][6/10]	lr: 6.261e-07, eta: 0:03:13, iter_time: 8.888, data_load_time: 0.313, loss: 12.5484
2026-01-31 16:26:35,405 - modelscope - INFO - epoch [1][7/10]	lr: 7.155e-07, eta: 0:03:02, iter_time: 15.286, data_load_time: 0.035, loss: 13.4663
2026-01-31 16:26:44,020 - modelscope - INFO - epoch [1][8/10]	lr: 8.050e-07, eta: 0:02:40, iter_time: 8.662, data_load_time: 0.229, loss: 13.5555
2026-01-31 16:26:50,581 - modelscope - INFO - epoch [1][9/10]	lr: 8.944e-07, eta: 0:02:18, iter_time: 6.529, data_load_time: 0.026, loss: 12.6556
2026-01-31 16:26:56,256 - modelscope - INFO - epoch [1][10/10]	lr: 9.839e-07, eta: 0:01:59, iter_time: 5.705, data_load_time: 0.161, loss: 13.6879
2026-01-31 16:26:56,262 - modelscope - INFO - Saving checkpoint at 1 epoch
