2026-01-31 16:09:55,236 - modelscope - WARNING - ('CUSTOM_DATASETS', 'text2text-generation', 'T5') not found in ast index file
2026-01-31 16:09:55,243 - modelscope - WARNING - ('CUSTOM_DATASETS', 'text2text-generation', 'T5') not found in ast index file
2026-01-31 16:09:55,318 - modelscope - INFO - cuda is not available, using cpu instead.
2026-01-31 16:09:55,327 - modelscope - INFO - ==========================Training Config Start==========================
2026-01-31 16:09:55,333 - modelscope - INFO - {
    "framework": "pytorch",
    "task": "text2text-generation",
    "model": {
        "type": "T5",
        "language": "zh"
    },
    "pipeline": {
        "type": "text2text-generation"
    },
    "preprocessor": {
        "type": "text-gen-tokenizer",
        "sequence_length": 10,
        "mode": "eval",
        "use_fast": true
    },
    "train": {
        "work_dir": "./workspace/generator/couplet",
        "max_epochs": 2,
        "dataloader": {
            "batch_size_per_gpu": 2,
            "workers_per_gpu": 0
        },
        "optimizer": {
            "type": "AdamW",
            "lr": 0.001,
            "options": {}
        },
        "lr_scheduler": {
            "type": "LambdaLR",
            "lr_lambda": null,
            "options": {
                "by_epoch": false
            }
        },
        "hooks": [
            {
                "type": "IterTimerHook"
            }
        ],
        "logging": {
            "interval": 1,
            "out_dir": "./workspace/generator/couplet"
        },
        "checkpoint": {
            "period": {
                "interval": 1,
                "save_dir": "./workspace/generator/couplet"
            }
        }
    },
    "evaluation": {
        "dataloader": {
            "batch_size_per_gpu": 1,
            "workers_per_gpu": 0
        },
        "metrics": [
            {
                "type": "text-gen-metric"
            }
        ]
    },
    "allow_remote": true
}
2026-01-31 16:09:55,335 - modelscope - INFO - ===========================Training Config End===========================
2026-01-31 16:09:55,340 - modelscope - WARNING - ('OPTIMIZER', 'default', 'AdamW') not found in ast index file
2026-01-31 16:09:55,414 - modelscope - WARNING - ('LR_SCHEDULER', 'default', 'LambdaLR') not found in ast index file
2026-01-31 16:09:55,440 - modelscope - INFO - Stage: before_run:
    (ABOVE_NORMAL) OptimizerHook                      
    (LOW         ) LrSchedulerHook                    
    (LOW         ) CheckpointHook                     
    (VERY_LOW    ) TextLoggerHook                     
 -------------------- 
Stage: before_train_epoch:
    (LOW         ) LrSchedulerHook                    
 -------------------- 
Stage: before_train_iter:
    (ABOVE_NORMAL) OptimizerHook                      
 -------------------- 
Stage: after_train_iter:
    (ABOVE_NORMAL) OptimizerHook                      
    (LOW         ) LrSchedulerHook                    
    (LOW         ) CheckpointHook                     
    (VERY_LOW    ) TextLoggerHook                     
 -------------------- 
Stage: after_train_epoch:
    (LOW         ) LrSchedulerHook                    
    (LOW         ) CheckpointHook                     
    (VERY_LOW    ) TextLoggerHook                     
 -------------------- 
Stage: after_val_epoch:
    (VERY_LOW    ) TextLoggerHook                     
 -------------------- 
Stage: after_run:
    (LOW         ) CheckpointHook                     
 -------------------- 
2026-01-31 16:09:55,573 - modelscope - INFO - Checkpoints will be saved to ./workspace/generator/couplet
2026-01-31 16:09:55,575 - modelscope - INFO - Text logs will be saved to ./workspace/generator/couplet
