2026-01-25 12:02:02,277 - modelscope - WARNING - ('CUSTOM_DATASETS', 'text-classification', 'text-classification') not found in ast index file
2026-01-25 12:02:02,284 - modelscope - WARNING - ('CUSTOM_DATASETS', 'text-classification', 'text-classification') not found in ast index file
2026-01-25 12:02:02,318 - modelscope - INFO - cuda is not available, using cpu instead.
2026-01-25 12:02:02,319 - modelscope - INFO - ==========================Training Config Start==========================
2026-01-25 12:02:02,319 - modelscope - INFO - {
    "task": "text-classification",
    "framework": "pytorch",
    "preprocessor": {
        "train": {
            "type": "sen-cls-tokenizer",
            "first_sequence": "sentence",
            "mode": "train",
            "label2id": {
                "\u8d1f\u9762": 0,
                "\u6b63\u9762": 1
            },
            "label": "label",
            "use_fast": true
        },
        "val": {
            "type": "sen-cls-tokenizer",
            "first_sequence": "sentence",
            "mode": "eval",
            "label2id": {
                "\u8d1f\u9762": 0,
                "\u6b63\u9762": 1
            },
            "label": "label",
            "use_fast": true
        }
    },
    "model": {
        "type": "text-classification",
        "backbone": {
            "type": "structbert",
            "prefix": "encoder",
            "attention_probs_dropout_prob": 0.1,
            "easynlp_version": "0.0.3",
            "gradient_checkpointing": false,
            "hidden_act": "gelu",
            "hidden_dropout_prob": 0.1,
            "hidden_size": 768,
            "initializer_range": 0.02,
            "intermediate_size": 3072,
            "layer_norm_eps": 1e-12,
            "max_position_embeddings": 512,
            "num_attention_heads": 12,
            "num_hidden_layers": 12,
            "pad_token_id": 0,
            "position_embedding_type": "absolute",
            "transformers_version": "4.6.0.dev0",
            "type_vocab_size": 2,
            "use_cache": true,
            "vocab_size": 21128
        },
        "head": {
            "type": "text-classification",
            "hidden_dropout_prob": 0.1,
            "hidden_size": 768
        },
        "id2label": {
            "0": "\u8d1f\u9762",
            "1": "\u6b63\u9762"
        },
        "label2id": {
            "\u8d1f\u9762": 0,
            "\u6b63\u9762": 1
        },
        "num_labels": 2
    },
    "pipeline": {
        "type": "sentiment-classification"
    },
    "train": {
        "work_dir": "workspace/text_classify/jd",
        "max_epochs": 2,
        "dataloader": {
            "batch_size_per_gpu": 4,
            "workers_per_gpu": 0
        },
        "optimizer": {
            "type": "SGD",
            "lr": 3e-05,
            "options": {
                "grad_clip": {
                    "max_norm": 2.0
                }
            }
        },
        "lr_scheduler": {
            "type": "StepLR",
            "step_size": 2,
            "options": {
                "warmup": {
                    "type": "LinearWarmup",
                    "warmup_iters": 2
                }
            }
        },
        "hooks": [],
        "logging": {
            "interval": 100,
            "out_dir": "workspace/text_classify/jd"
        },
        "checkpoint": {
            "period": {
                "interval": 1,
                "save_dir": "workspace/text_classify/jd"
            },
            "best": {
                "metric_key": "f1",
                "save_dir": "workspace/text_classify/jd"
            }
        }
    },
    "evaluation": {
        "dataloader": {
            "batch_size_per_gpu": 8,
            "workers_per_gpu": 0,
            "shuffle": false
        },
        "metrics": [
            "seq-cls-metric"
        ],
        "period": {
            "interval": 1
        }
    },
    "dataset": {
        "train": {
            "labels": [
                "\u8d1f\u9762",
                "\u6b63\u9762"
            ],
            "first_sequence": "sentence",
            "label": "label"
        }
    }
}
2026-01-25 12:02:02,320 - modelscope - INFO - ===========================Training Config End===========================
2026-01-25 12:02:46,643 - modelscope - WARNING - ('OPTIMIZER', 'default', 'SGD') not found in ast index file
2026-01-25 12:02:54,338 - modelscope - WARNING - ('LR_SCHEDULER', 'default', 'StepLR') not found in ast index file
2026-01-25 12:04:00,625 - modelscope - INFO - Stage: before_run:
    (ABOVE_NORMAL) OptimizerHook                      
    (LOW         ) LrSchedulerHook                    
    (LOW         ) BestCkptSaverHook                  
    (LOW         ) CheckpointHook                     
    (VERY_LOW    ) TextLoggerHook                     
 -------------------- 
Stage: before_train_epoch:
    (LOW         ) LrSchedulerHook                    
 -------------------- 
Stage: before_train_iter:
    (ABOVE_NORMAL) OptimizerHook                      
 -------------------- 
Stage: after_train_iter:
    (ABOVE_NORMAL) OptimizerHook                      
    (NORMAL      ) EvaluationHook                     
    (LOW         ) LrSchedulerHook                    
    (LOW         ) BestCkptSaverHook                  
    (LOW         ) CheckpointHook                     
    (VERY_LOW    ) TextLoggerHook                     
 -------------------- 
Stage: after_train_epoch:
    (NORMAL      ) EvaluationHook                     
    (LOW         ) LrSchedulerHook                    
    (LOW         ) BestCkptSaverHook                  
    (LOW         ) CheckpointHook                     
    (VERY_LOW    ) TextLoggerHook                     
 -------------------- 
Stage: after_val_epoch:
    (VERY_LOW    ) TextLoggerHook                     
 -------------------- 
Stage: after_run:
    (LOW         ) BestCkptSaverHook                  
    (LOW         ) CheckpointHook                     
 -------------------- 
2026-01-25 12:04:20,061 - modelscope - INFO - Checkpoints will be saved to workspace/text_classify/jd
2026-01-25 12:04:20,078 - modelscope - INFO - Checkpoints will be saved to workspace/text_classify/jd
2026-01-25 12:04:20,079 - modelscope - INFO - Text logs will be saved to workspace/text_classify/jd
2026-01-25 12:08:13,546 - modelscope - INFO - Saving checkpoint at 1 epoch
2026-01-25 12:08:15,582 - modelscope - INFO - Saving checkpoint at 1 epoch
2026-01-25 12:08:17,926 - modelscope - INFO - epoch(eval) [1][2]	lr: 2.9999999999999992e-06, evaluation/accuracy: 0.9167, evaluation/binary-f1: 0.9231, evaluation/f1: 0.9231
2026-01-25 12:08:33,234 - modelscope - INFO - Saving checkpoint at 2 epoch
2026-01-25 12:08:35,819 - modelscope - INFO - epoch(eval) [2][2]	lr: 1.65e-05, evaluation/accuracy: 0.9167, evaluation/binary-f1: 0.9231, evaluation/f1: 0.9231
2026-01-25 12:08:35,822 - modelscope - INFO - Train finished. Uploading models, waiting...
2026-01-25 12:09:27,562 - modelscope - INFO - Checkpoint workspace/text_classify/jd/epoch_1.pth saving time: Sun Jan 25 12:08:15 2026, modelscope version: 1.27.1
2026-01-25 12:09:29,202 - modelscope - INFO - Checkpoint workspace/text_classify/jd/epoch_2.pth saving time: Sun Jan 25 12:08:33 2026, modelscope version: 1.27.1
