2026-01-31 14:12:23,455 - modelscope - INFO - Sample 17 of the training set: {'id': '4-2', 'shift': 0, 'tokens': ['[CLS]', '，', '患', '者', '3', '月', '前', '因', '[UNK]', '直', '肠', '癌', '[UNK]', '于', '在', '我', '院', '于', '全', '麻', '上', '行', '直', '肠', '癌', '根', '治', '术', '（', 'di', '##xon', '术', '）', '，', '手', '术', '过', '程', '顺', '利', '，', '术', '后', '给', '予', '抗', '感', '染', '及', '营', '养', '支', '持', '治', '疗', '，', '患', '者', '恢', '复', '好', '，', '切', '口', '愈', '合', '良', '好', '。', '，', '术', '后', '病', '理', '示', '：', '直', '肠', '腺', '癌', '（', '中', '低', '度', '分', '化', '）', '，', '浸', '润', '溃', '疡', '型', '，', '面', '积', '3', '.', '5', '*', '2cm', '，', '侵', '达', '外', '膜', '。', '双', '端', '切', '线', '另', '送', '[UNK]', '近', '端', '[UNK]', '、', '[UNK]', '远', '端', '[UNK]', '及', '环', '周', '底', '部', '切', '除', '面', '未', '查', '见', '癌', '。', '肠', '壁', '一', '站', '（', '10', '个', '）', '、', '中', '间', '组', '（', '8', '个', '）', '淋', '巴', '结', '未', '查', '见', '癌', '。', '，', '免', '疫', '组', '化', '染', '色', '示', '：', 'er', '##cc', '##1', '弥', '漫', '（', '+', '）', '、', 'ts', '少', '部', '分', '弱', '（', '+', '）', '、', 's', '##yn', '（', '-', '）', '、', 'cg', '##a', '（', '-', '）', '。', '术', '后', '查', '无', '化', '疗', '禁', '忌', '后', '给', '予', '3', '周', '期', '化', '疗', '，', '，', '方', '案', '为', '：', '奥', '沙', '利', '铂', '150', '##mg', 'd1', '，', '亚', '叶', '酸', '钙', '0', '.', '3g', '+', '替', '加', '氟', '1', '.', '0', '##g', 'd2', '-', 'd', '##6', '，', '同', '时', '给', '与', '升', '白', '细', '胞', '、', '护', '肝', '、', '止', '吐', '、', '免', '疫', '增', '强', '治', '疗', '，', '患', '者', '副', '反', '应', '轻', '。', '院', '外', '期', '间', '患', '者', '一', '般', '情', '况', '好', '，', '无', '恶', '心', '，', '无', '腹', '痛', '腹', '胀', '胀', '不', '适', '，', '无', '现', '患', '者', '为', '行', '复', '查', '及', '化', '疗', '再', '次', '来', '院', '就', '诊', '，', '门', '诊', '以', '[UNK]', '直', '肠', '癌', '术', '后', '[UNK]', '收', '入', '院', '。', '近', '期', '患', '者', '精', '神', '可', '，', '饮', '食', '可', '，', '大', '便', '正', '常', '，', '小', '便', '正', '常', '，', '近', '期', '体', '重', '无', '明', '显', '变', '化', '。', '[SEP]'], 'token_ids': [101, 8024, 2642, 5442, 124, 3299, 1184, 1728, 100, 4684, 5499, 4617, 100, 754, 1762, 2769, 7368, 754, 1059, 7937, 677, 6121, 4684, 5499, 4617, 3418, 3780, 3318, 8020, 9796, 12854, 3318, 8021, 8024, 2797, 3318, 6814, 4923, 7556, 1164, 8024, 3318, 1400, 5314, 750, 2834, 2697, 3381, 1350, 5852, 1075, 3118, 2898, 3780, 4545, 8024, 2642, 5442, 2612, 1908, 1962, 8024, 1147, 1366, 2689, 1394, 5679, 1962, 511, 8024, 3318, 1400, 4567, 4415, 4850, 8038, 4684, 5499, 5593, 4617, 8020, 704, 856, 2428, 1146, 1265, 8021, 8024, 3863, 3883, 3971, 4550, 1798, 8024, 7481, 4916, 124, 119, 126, 115, 12988, 8024, 909, 6809, 1912, 5606, 511, 1352, 4999, 1147, 5296, 1369, 6843, 100, 6818, 4999, 100, 510, 100, 6823, 4999, 100, 1350, 4384, 1453, 2419, 6956, 1147, 7370, 7481, 3313, 3389, 6224, 4617, 511, 5499, 1880, 671, 4991, 8020, 8108, 702, 8021, 510, 704, 7313, 5299, 8020, 129, 702, 8021, 3900, 2349, 5310, 3313, 3389, 6224, 4617, 511, 8024, 1048, 4554, 5299, 1265, 3381, 5682, 4850, 8038, 10451, 8860, 8148, 2477, 4035, 8020, 116, 8021, 510, 9154, 2208, 6956, 1146, 2483, 8020, 116, 8021, 510, 161, 10879, 8020, 118, 8021, 510, 9715, 8139, 8020, 118, 8021, 511, 3318, 1400, 3389, 3187, 1265, 4545, 4881, 2555, 1400, 5314, 750, 124, 1453, 3309, 1265, 4545, 8024, 8024, 3175, 3428, 711, 8038, 1952, 3763, 1164, 7189, 8269, 8882, 11537, 8024, 762, 1383, 7000, 7159, 121, 119, 8456, 116, 3296, 1217, 3703, 122, 119, 121, 8181, 11089, 118, 146, 8158, 8024, 1398, 3198, 5314, 680, 1285, 4635, 5301, 5528, 510, 2844, 5498, 510, 3632, 1402, 510, 1048, 4554, 1872, 2487, 3780, 4545, 8024, 2642, 5442, 1199, 1353, 2418, 6768, 511, 7368, 1912, 3309, 7313, 2642, 5442, 671, 5663, 2658, 1105, 1962, 8024, 3187, 2626, 2552, 8024, 3187, 5592, 4578, 5592, 5515, 5515, 679, 6844, 8024, 3187, 4385, 2642, 5442, 711, 6121, 1908, 3389, 1350, 1265, 4545, 1086, 3613, 3341, 7368, 2218, 6402, 8024, 7305, 6402, 809, 100, 4684, 5499, 4617, 3318, 1400, 100, 3119, 1057, 7368, 511, 6818, 3309, 2642, 5442, 5125, 4868, 1377, 8024, 7650, 7608, 1377, 8024, 1920, 912, 3633, 2382, 8024, 2207, 912, 3633, 2382, 8024, 6818, 3309, 860, 7028, 3187, 3209, 3227, 1359, 1265, 511, 102], 'hint_tokens': ['[CLS]', '解', '剖', '部', '位', ':', '[SEP]'], 'hint_token_ids': [101, 6237, 1189, 6956, 855, 131, 102], 'attention_masks': [1, 1, 1, 1, 1, 1, 1, 1, 1, 1, 1, 1, 1, 1, 1, 1, 1, 1, 1, 1, 1, 1, 1, 1, 1, 1, 1, 1, 1, 1, 1, 1, 1, 1, 1, 1, 1, 1, 1, 1, 1, 1, 1, 1, 1, 1, 1, 1, 1, 1, 1, 1, 1, 1, 1, 1, 1, 1, 1, 1, 1, 1, 1, 1, 1, 1, 1, 1, 1, 1, 1, 1, 1, 1, 1, 1, 1, 1, 1, 1, 1, 1, 1, 1, 1, 1, 1, 1, 1, 1, 1, 1, 1, 1, 1, 1, 1, 1, 1, 1, 1, 1, 1, 1, 1, 1, 1, 1, 1, 1, 1, 1, 1, 1, 1, 1, 1, 1, 1, 1, 1, 1, 1, 1, 1, 1, 1, 1, 1, 1, 1, 1, 1, 1, 1, 1, 1, 1, 1, 1, 1, 1, 1, 1, 1, 1, 1, 1, 1, 1, 1, 1, 1, 1, 1, 1, 1, 1, 1, 1, 1, 1, 1, 1, 1, 1, 1, 1, 1, 1, 1, 1, 1, 1, 1, 1, 1, 1, 1, 1, 1, 1, 1, 1, 1, 1, 1, 1, 1, 1, 1, 1, 1, 1, 1, 1, 1, 1, 1, 1, 1, 1, 1, 1, 1, 1, 1, 1, 1, 1, 1, 1, 1, 1, 1, 1, 1, 1, 1, 1, 1, 1, 1, 1, 1, 1, 1, 1, 1, 1, 1, 1, 1, 1, 1, 1, 1, 1, 1, 1, 1, 1, 1, 1, 1, 1, 1, 1, 1, 1, 1, 1, 1, 1, 1, 1, 1, 1, 1, 1, 1, 1, 1, 1, 1, 1, 1, 1, 1, 1, 1, 1, 1, 1, 1, 1, 1, 1, 1, 1, 1, 1, 1, 1, 1, 1, 1, 1, 1, 1, 1, 1, 1, 1, 1, 1, 1, 1, 1, 1, 1, 1, 1, 1, 1, 1, 1, 1, 1, 1, 1, 1, 1, 1, 1, 1, 1, 1, 1, 1, 1, 1, 1, 1, 1, 1, 1, 1, 1, 1, 1, 1, 1, 1, 1, 1, 1, 1, 1, 1, 1, 1, 1, 1, 1, 1, 1, 1, 1, 1, 1, 1, 1, 1, 1, 1, 1, 1, 1, 1, 1, 1, 1, 1, 1, 1, 1], 'cross_attention_masks': [1, 1, 1, 1, 1, 1, 1], 'head_labels': [0, 0, 0, 0, 0, 0, 0, 0, 0, 0, 0, 0, 0, 0, 0, 0, 0, 0, 0, 0, 0, 0, 0, 0, 0, 0, 0, 0, 0, 0, 0, 0, 0, 0, 0, 0, 0, 0, 0, 0, 0, 0, 0, 0, 0, 0, 0, 0, 0, 0, 0, 0, 0, 0, 0, 0, 0, 0, 0, 0, 0, 0, 0, 0, 0, 0, 0, 0, 0, 0, 0, 0, 0, 0, 0, 0, 0, 0, 0, 0, 0, 0, 0, 0, 0, 0, 0, 0, 0, 0, 0, 0, 0, 0, 0, 0, 0, 0, 0, 0, 0, 0, 0, 0, 0, 0, 0, 0, 0, 0, 0, 0, 0, 0, 0, 0, 0, 0, 0, 0, 0, 0, 0, 0, 0, 0, 0, 0, 0, 0, 0, 0, 0, 0, 0, 0, 0, 0, 0, 0, 0, 0, 0, 0, 0, 0, 0, 0, 0, 0, 0, 0, 0, 0, 0, 0, 0, 0, 0, 0, 0, 0, 0, 0, 0, 0, 0, 0, 0, 0, 0, 0, 0, 0, 0, 0, 0, 0, 0, 0, 0, 0, 0, 0, 0, 0, 0, 0, 0, 0, 0, 0, 0, 0, 0, 0, 0, 0, 0, 0, 0, 0, 0, 0, 0, 0, 0, 0, 0, 0, 0, 0, 0, 0, 0, 0, 0, 0, 0, 0, 0, 0, 0, 0, 0, 0, 0, 0, 0, 0, 0, 0, 0, 0, 0, 0, 0, 0, 0, 0, 0, 0, 0, 0, 0, 0, 0, 0, 0, 0, 0, 0, 0, 0, 0, 0, 0, 0, 0, 0, 0, 0, 0, 0, 0, 0, 0, 0, 0, 0, 0, 0, 0, 0, 0, 0, 0, 0, 0, 0, 0, 0, 0, 0, 0, 0, 0, 0, 0, 0, 0, 0, 0, 0, 0, 0, 0, 0, 0, 0, 0, 0, 0, 0, 0, 0, 0, 0, 0, 0, 0, 0, 0, 0, 0, 0, 0, 0, 0, 0, 0, 0, 0, 0, 0, 0, 0, 0, 0, 0, 0, 0, 0, 0, 0, 0, 0, 0, 0, 0, 0, 0, 0, 0, 0, 0, 0, 0, 0, 0, 0, 0, 0, 0, 0, 0, 0, 0, 0, 0, 0, 0, 0, 0, 0, 0, 0], 'tail_labels': [0, 0, 0, 0, 0, 0, 0, 0, 0, 0, 0, 0, 0, 0, 0, 0, 0, 0, 0, 0, 0, 0, 0, 0, 0, 0, 0, 0, 0, 0, 0, 0, 0, 0, 0, 0, 0, 0, 0, 0, 0, 0, 0, 0, 0, 0, 0, 0, 0, 0, 0, 0, 0, 0, 0, 0, 0, 0, 0, 0, 0, 0, 0, 0, 0, 0, 0, 0, 0, 0, 0, 0, 0, 0, 0, 0, 0, 0, 0, 0, 0, 0, 0, 0, 0, 0, 0, 0, 0, 0, 0, 0, 0, 0, 0, 0, 0, 0, 0, 0, 0, 0, 0, 0, 0, 0, 0, 0, 0, 0, 0, 0, 0, 0, 0, 0, 0, 0, 0, 0, 0, 0, 0, 0, 0, 0, 0, 0, 0, 0, 0, 0, 0, 0, 0, 0, 0, 0, 0, 0, 0, 0, 0, 0, 0, 0, 0, 0, 0, 0, 0, 0, 0, 0, 0, 0, 0, 0, 0, 0, 0, 0, 0, 0, 0, 0, 0, 0, 0, 0, 0, 0, 0, 0, 0, 0, 0, 0, 0, 0, 0, 0, 0, 0, 0, 0, 0, 0, 0, 0, 0, 0, 0, 0, 0, 0, 0, 0, 0, 0, 0, 0, 0, 0, 0, 0, 0, 0, 0, 0, 0, 0, 0, 0, 0, 0, 0, 0, 0, 0, 0, 0, 0, 0, 0, 0, 0, 0, 0, 0, 0, 0, 0, 0, 0, 0, 0, 0, 0, 0, 0, 0, 0, 0, 0, 0, 0, 0, 0, 0, 0, 0, 0, 0, 0, 0, 0, 0, 0, 0, 0, 0, 0, 0, 0, 0, 0, 0, 0, 0, 0, 0, 0, 0, 0, 0, 0, 0, 0, 0, 0, 0, 0, 0, 0, 0, 0, 0, 0, 0, 0, 0, 0, 0, 0, 0, 0, 0, 0, 0, 0, 0, 0, 0, 0, 0, 0, 0, 0, 0, 0, 0, 0, 0, 0, 0, 0, 0, 0, 0, 0, 0, 0, 0, 0, 0, 0, 0, 0, 0, 0, 0, 0, 0, 0, 0, 0, 0, 0, 0, 0, 0, 0, 0, 0, 0, 0, 0, 0, 0, 0, 0, 0, 0, 0, 0, 0, 0, 0, 0, 0, 0, 0, 0, 0, 0, 0]}.
2026-01-31 14:12:23,457 - modelscope - INFO - Sample 2 of the training set: {'id': '1-2', 'shift': 0, 'tokens': ['[CLS]', '可', '以', '通', '过', '火', '车', '从', '北', '京', '去', '长', '沙', '吗', '[SEP]'], 'token_ids': [101, 1377, 809, 6858, 6814, 4125, 6756, 794, 1266, 776, 1343, 7270, 3763, 1408, 102], 'hint_tokens': ['[CLS]', '交', '通', '工', '具', ':', '[SEP]'], 'hint_token_ids': [101, 769, 6858, 2339, 1072, 131, 102], 'attention_masks': [1, 1, 1, 1, 1, 1, 1, 1, 1, 1, 1, 1, 1, 1, 1], 'cross_attention_masks': [1, 1, 1, 1, 1, 1, 1], 'head_labels': [0, 0, 0, 0, 0, 1, 0, 0, 0, 0, 0, 0, 0, 0, 0], 'tail_labels': [0, 0, 0, 0, 0, 0, 1, 0, 0, 0, 0, 0, 0, 0, 0]}.
2026-01-31 14:12:23,458 - modelscope - INFO - Sample 18 of the training set: {'id': '4-3', 'shift': 0, 'tokens': ['[CLS]', '，', '患', '者', '3', '月', '前', '因', '[UNK]', '直', '肠', '癌', '[UNK]', '于', '在', '我', '院', '于', '全', '麻', '上', '行', '直', '肠', '癌', '根', '治', '术', '（', 'di', '##xon', '术', '）', '，', '手', '术', '过', '程', '顺', '利', '，', '术', '后', '给', '予', '抗', '感', '染', '及', '营', '养', '支', '持', '治', '疗', '，', '患', '者', '恢', '复', '好', '，', '切', '口', '愈', '合', '良', '好', '。', '，', '术', '后', '病', '理', '示', '：', '直', '肠', '腺', '癌', '（', '中', '低', '度', '分', '化', '）', '，', '浸', '润', '溃', '疡', '型', '，', '面', '积', '3', '.', '5', '*', '2cm', '，', '侵', '达', '外', '膜', '。', '双', '端', '切', '线', '另', '送', '[UNK]', '近', '端', '[UNK]', '、', '[UNK]', '远', '端', '[UNK]', '及', '环', '周', '底', '部', '切', '除', '面', '未', '查', '见', '癌', '。', '肠', '壁', '一', '站', '（', '10', '个', '）', '、', '中', '间', '组', '（', '8', '个', '）', '淋', '巴', '结', '未', '查', '见', '癌', '。', '，', '免', '疫', '组', '化', '染', '色', '示', '：', 'er', '##cc', '##1', '弥', '漫', '（', '+', '）', '、', 'ts', '少', '部', '分', '弱', '（', '+', '）', '、', 's', '##yn', '（', '-', '）', '、', 'cg', '##a', '（', '-', '）', '。', '术', '后', '查', '无', '化', '疗', '禁', '忌', '后', '给', '予', '3', '周', '期', '化', '疗', '，', '，', '方', '案', '为', '：', '奥', '沙', '利', '铂', '150', '##mg', 'd1', '，', '亚', '叶', '酸', '钙', '0', '.', '3g', '+', '替', '加', '氟', '1', '.', '0', '##g', 'd2', '-', 'd', '##6', '，', '同', '时', '给', '与', '升', '白', '细', '胞', '、', '护', '肝', '、', '止', '吐', '、', '免', '疫', '增', '强', '治', '疗', '，', '患', '者', '副', '反', '应', '轻', '。', '院', '外', '期', '间', '患', '者', '一', '般', '情', '况', '好', '，', '无', '恶', '心', '，', '无', '腹', '痛', '腹', '胀', '胀', '不', '适', '，', '无', '现', '患', '者', '为', '行', '复', '查', '及', '化', '疗', '再', '次', '来', '院', '就', '诊', '，', '门', '诊', '以', '[UNK]', '直', '肠', '癌', '术', '后', '[UNK]', '收', '入', '院', '。', '近', '期', '患', '者', '精', '神', '可', '，', '饮', '食', '可', '，', '大', '便', '正', '常', '，', '小', '便', '正', '常', '，', '近', '期', '体', '重', '无', '明', '显', '变', '化', '。', '[SEP]'], 'token_ids': [101, 8024, 2642, 5442, 124, 3299, 1184, 1728, 100, 4684, 5499, 4617, 100, 754, 1762, 2769, 7368, 754, 1059, 7937, 677, 6121, 4684, 5499, 4617, 3418, 3780, 3318, 8020, 9796, 12854, 3318, 8021, 8024, 2797, 3318, 6814, 4923, 7556, 1164, 8024, 3318, 1400, 5314, 750, 2834, 2697, 3381, 1350, 5852, 1075, 3118, 2898, 3780, 4545, 8024, 2642, 5442, 2612, 1908, 1962, 8024, 1147, 1366, 2689, 1394, 5679, 1962, 511, 8024, 3318, 1400, 4567, 4415, 4850, 8038, 4684, 5499, 5593, 4617, 8020, 704, 856, 2428, 1146, 1265, 8021, 8024, 3863, 3883, 3971, 4550, 1798, 8024, 7481, 4916, 124, 119, 126, 115, 12988, 8024, 909, 6809, 1912, 5606, 511, 1352, 4999, 1147, 5296, 1369, 6843, 100, 6818, 4999, 100, 510, 100, 6823, 4999, 100, 1350, 4384, 1453, 2419, 6956, 1147, 7370, 7481, 3313, 3389, 6224, 4617, 511, 5499, 1880, 671, 4991, 8020, 8108, 702, 8021, 510, 704, 7313, 5299, 8020, 129, 702, 8021, 3900, 2349, 5310, 3313, 3389, 6224, 4617, 511, 8024, 1048, 4554, 5299, 1265, 3381, 5682, 4850, 8038, 10451, 8860, 8148, 2477, 4035, 8020, 116, 8021, 510, 9154, 2208, 6956, 1146, 2483, 8020, 116, 8021, 510, 161, 10879, 8020, 118, 8021, 510, 9715, 8139, 8020, 118, 8021, 511, 3318, 1400, 3389, 3187, 1265, 4545, 4881, 2555, 1400, 5314, 750, 124, 1453, 3309, 1265, 4545, 8024, 8024, 3175, 3428, 711, 8038, 1952, 3763, 1164, 7189, 8269, 8882, 11537, 8024, 762, 1383, 7000, 7159, 121, 119, 8456, 116, 3296, 1217, 3703, 122, 119, 121, 8181, 11089, 118, 146, 8158, 8024, 1398, 3198, 5314, 680, 1285, 4635, 5301, 5528, 510, 2844, 5498, 510, 3632, 1402, 510, 1048, 4554, 1872, 2487, 3780, 4545, 8024, 2642, 5442, 1199, 1353, 2418, 6768, 511, 7368, 1912, 3309, 7313, 2642, 5442, 671, 5663, 2658, 1105, 1962, 8024, 3187, 2626, 2552, 8024, 3187, 5592, 4578, 5592, 5515, 5515, 679, 6844, 8024, 3187, 4385, 2642, 5442, 711, 6121, 1908, 3389, 1350, 1265, 4545, 1086, 3613, 3341, 7368, 2218, 6402, 8024, 7305, 6402, 809, 100, 4684, 5499, 4617, 3318, 1400, 100, 3119, 1057, 7368, 511, 6818, 3309, 2642, 5442, 5125, 4868, 1377, 8024, 7650, 7608, 1377, 8024, 1920, 912, 3633, 2382, 8024, 2207, 912, 3633, 2382, 8024, 6818, 3309, 860, 7028, 3187, 3209, 3227, 1359, 1265, 511, 102], 'hint_tokens': ['[CLS]', '药', '物', ':', '[SEP]'], 'hint_token_ids': [101, 5790, 4289, 131, 102], 'attention_masks': [1, 1, 1, 1, 1, 1, 1, 1, 1, 1, 1, 1, 1, 1, 1, 1, 1, 1, 1, 1, 1, 1, 1, 1, 1, 1, 1, 1, 1, 1, 1, 1, 1, 1, 1, 1, 1, 1, 1, 1, 1, 1, 1, 1, 1, 1, 1, 1, 1, 1, 1, 1, 1, 1, 1, 1, 1, 1, 1, 1, 1, 1, 1, 1, 1, 1, 1, 1, 1, 1, 1, 1, 1, 1, 1, 1, 1, 1, 1, 1, 1, 1, 1, 1, 1, 1, 1, 1, 1, 1, 1, 1, 1, 1, 1, 1, 1, 1, 1, 1, 1, 1, 1, 1, 1, 1, 1, 1, 1, 1, 1, 1, 1, 1, 1, 1, 1, 1, 1, 1, 1, 1, 1, 1, 1, 1, 1, 1, 1, 1, 1, 1, 1, 1, 1, 1, 1, 1, 1, 1, 1, 1, 1, 1, 1, 1, 1, 1, 1, 1, 1, 1, 1, 1, 1, 1, 1, 1, 1, 1, 1, 1, 1, 1, 1, 1, 1, 1, 1, 1, 1, 1, 1, 1, 1, 1, 1, 1, 1, 1, 1, 1, 1, 1, 1, 1, 1, 1, 1, 1, 1, 1, 1, 1, 1, 1, 1, 1, 1, 1, 1, 1, 1, 1, 1, 1, 1, 1, 1, 1, 1, 1, 1, 1, 1, 1, 1, 1, 1, 1, 1, 1, 1, 1, 1, 1, 1, 1, 1, 1, 1, 1, 1, 1, 1, 1, 1, 1, 1, 1, 1, 1, 1, 1, 1, 1, 1, 1, 1, 1, 1, 1, 1, 1, 1, 1, 1, 1, 1, 1, 1, 1, 1, 1, 1, 1, 1, 1, 1, 1, 1, 1, 1, 1, 1, 1, 1, 1, 1, 1, 1, 1, 1, 1, 1, 1, 1, 1, 1, 1, 1, 1, 1, 1, 1, 1, 1, 1, 1, 1, 1, 1, 1, 1, 1, 1, 1, 1, 1, 1, 1, 1, 1, 1, 1, 1, 1, 1, 1, 1, 1, 1, 1, 1, 1, 1, 1, 1, 1, 1, 1, 1, 1, 1, 1, 1, 1, 1, 1, 1, 1, 1, 1, 1, 1, 1, 1, 1, 1, 1, 1, 1, 1, 1, 1, 1, 1, 1, 1, 1, 1, 1, 1, 1, 1, 1, 1], 'cross_attention_masks': [1, 1, 1, 1, 1], 'head_labels': [0, 0, 0, 0, 0, 0, 0, 0, 0, 0, 0, 0, 0, 0, 0, 0, 0, 0, 0, 0, 0, 0, 0, 0, 0, 0, 0, 0, 0, 0, 0, 0, 0, 0, 0, 0, 0, 0, 0, 0, 0, 0, 0, 0, 0, 0, 0, 0, 0, 0, 0, 0, 0, 0, 0, 0, 0, 0, 0, 0, 0, 0, 0, 0, 0, 0, 0, 0, 0, 0, 0, 0, 0, 0, 0, 0, 0, 0, 0, 0, 0, 0, 0, 0, 0, 0, 0, 0, 0, 0, 0, 0, 0, 0, 0, 0, 0, 0, 0, 0, 0, 0, 0, 0, 0, 0, 0, 0, 0, 0, 0, 0, 0, 0, 0, 0, 0, 0, 0, 0, 0, 0, 0, 0, 0, 0, 0, 0, 0, 0, 0, 0, 0, 0, 0, 0, 0, 0, 0, 0, 0, 0, 0, 0, 0, 0, 0, 0, 0, 0, 0, 0, 0, 0, 0, 0, 0, 0, 0, 0, 0, 0, 0, 0, 0, 0, 0, 0, 0, 0, 0, 0, 0, 0, 0, 0, 0, 0, 0, 0, 0, 0, 0, 0, 0, 0, 0, 0, 0, 0, 0, 0, 0, 0, 0, 0, 0, 0, 0, 0, 0, 0, 0, 0, 0, 0, 0, 0, 0, 0, 0, 0, 0, 0, 0, 0, 0, 0, 0, 0, 0, 0, 0, 0, 0, 0, 0, 0, 0, 0, 0, 0, 0, 0, 0, 0, 0, 0, 0, 0, 0, 0, 0, 0, 0, 0, 0, 0, 0, 0, 0, 0, 0, 0, 0, 0, 0, 0, 0, 0, 0, 0, 0, 0, 0, 0, 0, 0, 0, 0, 0, 0, 0, 0, 0, 0, 0, 0, 0, 0, 0, 0, 0, 0, 0, 0, 0, 0, 0, 0, 0, 0, 0, 0, 0, 0, 0, 0, 0, 0, 0, 0, 0, 0, 0, 0, 0, 0, 0, 0, 0, 0, 0, 0, 0, 0, 0, 0, 0, 0, 0, 0, 0, 0, 0, 0, 0, 0, 0, 0, 0, 0, 0, 0, 0, 0, 0, 0, 0, 0, 0, 0, 0, 0, 0, 0, 0, 0, 0, 0, 0, 0, 0, 0, 0, 0, 0, 0, 0, 0, 0, 0, 0, 0, 0, 0, 0], 'tail_labels': [0, 0, 0, 0, 0, 0, 0, 0, 0, 0, 0, 0, 0, 0, 0, 0, 0, 0, 0, 0, 0, 0, 0, 0, 0, 0, 0, 0, 0, 0, 0, 0, 0, 0, 0, 0, 0, 0, 0, 0, 0, 0, 0, 0, 0, 0, 0, 0, 0, 0, 0, 0, 0, 0, 0, 0, 0, 0, 0, 0, 0, 0, 0, 0, 0, 0, 0, 0, 0, 0, 0, 0, 0, 0, 0, 0, 0, 0, 0, 0, 0, 0, 0, 0, 0, 0, 0, 0, 0, 0, 0, 0, 0, 0, 0, 0, 0, 0, 0, 0, 0, 0, 0, 0, 0, 0, 0, 0, 0, 0, 0, 0, 0, 0, 0, 0, 0, 0, 0, 0, 0, 0, 0, 0, 0, 0, 0, 0, 0, 0, 0, 0, 0, 0, 0, 0, 0, 0, 0, 0, 0, 0, 0, 0, 0, 0, 0, 0, 0, 0, 0, 0, 0, 0, 0, 0, 0, 0, 0, 0, 0, 0, 0, 0, 0, 0, 0, 0, 0, 0, 0, 0, 0, 0, 0, 0, 0, 0, 0, 0, 0, 0, 0, 0, 0, 0, 0, 0, 0, 0, 0, 0, 0, 0, 0, 0, 0, 0, 0, 0, 0, 0, 0, 0, 0, 0, 0, 0, 0, 0, 0, 0, 0, 0, 0, 0, 0, 0, 0, 0, 0, 0, 0, 0, 0, 0, 0, 0, 0, 0, 0, 0, 0, 0, 0, 0, 0, 0, 0, 0, 0, 0, 0, 0, 0, 0, 0, 0, 0, 0, 0, 0, 0, 0, 0, 0, 0, 0, 0, 0, 0, 0, 0, 0, 0, 0, 0, 0, 0, 0, 0, 0, 0, 0, 0, 0, 0, 0, 0, 0, 0, 0, 0, 0, 0, 0, 0, 0, 0, 0, 0, 0, 0, 0, 0, 0, 0, 0, 0, 0, 0, 0, 0, 0, 0, 0, 0, 0, 0, 0, 0, 0, 0, 0, 0, 0, 0, 0, 0, 0, 0, 0, 0, 0, 0, 0, 0, 0, 0, 0, 0, 0, 0, 0, 0, 0, 0, 0, 0, 0, 0, 0, 0, 0, 0, 0, 0, 0, 0, 0, 0, 0, 0, 0, 0, 0, 0, 0, 0, 0, 0, 0, 0, 0, 0, 0, 0]}.
2026-01-31 14:12:23,459 - modelscope - WARNING - ('CUSTOM_DATASETS', 'siamese-uie', 'bert') not found in ast index file
2026-01-31 14:12:23,459 - modelscope - WARNING - ('CUSTOM_DATASETS', 'siamese-uie', 'bert') not found in ast index file
2026-01-31 14:12:23,466 - modelscope - INFO - cuda is not available, using cpu instead.
2026-01-31 14:12:23,467 - modelscope - INFO - ==========================Training Config Start==========================
2026-01-31 14:12:23,467 - modelscope - INFO - {
    "task": "siamese-uie",
    "framework": "pytorch",
    "preprocessor": {
        "train": {
            "type": "siamese-uie-preprocessor",
            "mode": "train"
        },
        "val": {
            "type": "siamese-uie-preprocessor",
            "mode": "eval"
        }
    },
    "model": {
        "type": "bert"
    },
    "pipeline": {
        "type": "siamese-uie"
    },
    "train": {
        "work_dir": "workspace/nlp_structbert_siamese-uninlu_chinese/zero_sample/custom",
        "max_epochs": 3,
        "dataloader": {
            "batch_size_per_gpu": 4,
            "workers_per_gpu": 0
        },
        "optimizer": {
            "type": "AdamW",
            "lr": 3e-05,
            "options": {}
        },
        "lr_scheduler": {
            "type": "StepLR",
            "step_size": 1,
            "options": {
                "by_epoch": true
            }
        },
        "hooks": [
            {
                "type": "IterTimerHook"
            }
        ],
        "logging": {
            "interval": 1,
            "out_dir": "workspace/nlp_structbert_siamese-uninlu_chinese/zero_sample/custom"
        },
        "checkpoint": {
            "period": {
                "interval": 2,
                "save_dir": "workspace/nlp_structbert_siamese-uninlu_chinese/zero_sample/custom"
            },
            "best": {
                "metric_key": "f1",
                "save_dir": "workspace/nlp_structbert_siamese-uninlu_chinese/zero_sample/custom"
            }
        }
    },
    "evaluation": {
        "dataloader": {
            "batch_size_per_gpu": 8,
            "workers_per_gpu": 0,
            "shuffle": false
        },
        "period": {
            "interval": 1
        }
    },
    "allow_remote": true
}
2026-01-31 14:12:23,467 - modelscope - INFO - ===========================Training Config End===========================
2026-01-31 14:12:23,467 - modelscope - WARNING - ('OPTIMIZER', 'default', 'AdamW') not found in ast index file
2026-01-31 14:12:23,468 - modelscope - WARNING - ('LR_SCHEDULER', 'default', 'StepLR') not found in ast index file
2026-01-31 14:12:23,472 - modelscope - INFO - Stage: before_run:
    (ABOVE_NORMAL) OptimizerHook                      
    (LOW         ) LrSchedulerHook                    
    (LOW         ) BestCkptSaverHook                  
    (LOW         ) CheckpointHook                     
    (VERY_LOW    ) TextLoggerHook                     
 -------------------- 
Stage: before_train_epoch:
    (LOW         ) LrSchedulerHook                    
 -------------------- 
Stage: before_train_iter:
    (ABOVE_NORMAL) OptimizerHook                      
 -------------------- 
Stage: after_train_iter:
    (ABOVE_NORMAL) OptimizerHook                      
    (NORMAL      ) EvaluationHook                     
    (LOW         ) LrSchedulerHook                    
    (LOW         ) BestCkptSaverHook                  
    (LOW         ) CheckpointHook                     
    (VERY_LOW    ) TextLoggerHook                     
 -------------------- 
Stage: after_train_epoch:
    (NORMAL      ) EvaluationHook                     
    (LOW         ) LrSchedulerHook                    
    (LOW         ) BestCkptSaverHook                  
    (LOW         ) CheckpointHook                     
    (VERY_LOW    ) TextLoggerHook                     
 -------------------- 
Stage: after_val_epoch:
    (VERY_LOW    ) TextLoggerHook                     
 -------------------- 
Stage: after_run:
    (LOW         ) BestCkptSaverHook                  
    (LOW         ) CheckpointHook                     
 -------------------- 
2026-01-31 14:12:23,485 - modelscope - INFO - Checkpoints will be saved to workspace/nlp_structbert_siamese-uninlu_chinese/zero_sample/custom
2026-01-31 14:12:23,494 - modelscope - INFO - Checkpoints will be saved to workspace/nlp_structbert_siamese-uninlu_chinese/zero_sample/custom
2026-01-31 14:12:23,495 - modelscope - INFO - Text logs will be saved to workspace/nlp_structbert_siamese-uninlu_chinese/zero_sample/custom
2026-01-31 14:12:28,888 - modelscope - INFO - epoch [1][1/7]	lr: 3.000e-05, eta: 0:01:47, iter_time: 5.393, data_load_time: 0.004, loss: 2.2739
2026-01-31 14:12:34,573 - modelscope - INFO - epoch [1][2/7]	lr: 3.000e-05, eta: 0:01:45, iter_time: 5.685, data_load_time: 0.006, loss: 2.7320
2026-01-31 14:12:36,346 - modelscope - INFO - epoch [1][3/7]	lr: 3.000e-05, eta: 0:01:17, iter_time: 1.771, data_load_time: 0.004, loss: 1.5301
2026-01-31 14:12:41,779 - modelscope - INFO - epoch [1][4/7]	lr: 3.000e-05, eta: 0:01:17, iter_time: 5.435, data_load_time: 0.009, loss: 2.0933
2026-01-31 14:12:43,623 - modelscope - INFO - epoch [1][5/7]	lr: 3.000e-05, eta: 0:01:04, iter_time: 1.844, data_load_time: 0.005, loss: 2.5228
2026-01-31 14:12:49,285 - modelscope - INFO - epoch [1][6/7]	lr: 3.000e-05, eta: 0:01:04, iter_time: 5.662, data_load_time: 0.004, loss: 1.9230
2026-01-31 14:12:50,082 - modelscope - INFO - epoch [1][7/7]	lr: 3.000e-05, eta: 0:00:53, iter_time: 0.796, data_load_time: 0.003, loss: 1.3524
2026-01-31 14:12:52,770 - modelscope - INFO - Saving checkpoint at 1 epoch
2026-01-31 14:12:59,260 - modelscope - INFO - epoch(eval) [1][7]	evaluation/precision: 0.7143, evaluation/recall: 1.0000, evaluation/f1: 0.8333
2026-01-31 14:13:05,459 - modelscope - INFO - epoch [2][1/7]	lr: 3.000e-06, eta: 0:00:53, iter_time: 6.200, data_load_time: 0.003, loss: 0.6829
2026-01-31 14:13:11,112 - modelscope - INFO - epoch [2][2/7]	lr: 3.000e-06, eta: 0:00:51, iter_time: 5.653, data_load_time: 0.004, loss: 1.5568
2026-01-31 14:13:12,991 - modelscope - INFO - epoch [2][3/7]	lr: 3.000e-06, eta: 0:00:44, iter_time: 1.879, data_load_time: 0.004, loss: 0.4906
2026-01-31 14:13:19,052 - modelscope - INFO - epoch [2][4/7]	lr: 3.000e-06, eta: 0:00:42, iter_time: 6.060, data_load_time: 0.008, loss: 0.4796
2026-01-31 14:13:21,152 - modelscope - INFO - epoch [2][5/7]	lr: 3.000e-06, eta: 0:00:36, iter_time: 2.099, data_load_time: 0.005, loss: 0.0421
2026-01-31 14:13:23,115 - modelscope - INFO - epoch [2][6/7]	lr: 3.000e-06, eta: 0:00:31, iter_time: 1.964, data_load_time: 0.004, loss: 1.4148
2026-01-31 14:13:25,240 - modelscope - INFO - epoch [2][7/7]	lr: 3.000e-06, eta: 0:00:26, iter_time: 2.125, data_load_time: 0.004, loss: 2.4226
2026-01-31 14:13:27,664 - modelscope - INFO - Saving checkpoint at 2 epoch
2026-01-31 14:13:34,873 - modelscope - INFO - epoch(eval) [2][7]	evaluation/precision: 0.6897, evaluation/recall: 1.0000, evaluation/f1: 0.8163
2026-01-31 14:13:36,765 - modelscope - INFO - epoch [3][1/7]	lr: 3.000e-07, eta: 0:00:21, iter_time: 1.891, data_load_time: 0.002, loss: 1.1522
2026-01-31 14:13:38,797 - modelscope - INFO - epoch [3][2/7]	lr: 3.000e-07, eta: 0:00:17, iter_time: 2.031, data_load_time: 0.005, loss: 0.6326
2026-01-31 14:13:44,476 - modelscope - INFO - epoch [3][3/7]	lr: 3.000e-07, eta: 0:00:14, iter_time: 5.680, data_load_time: 0.007, loss: 0.1825
2026-01-31 14:13:49,531 - modelscope - INFO - epoch [3][4/7]	lr: 3.000e-07, eta: 0:00:11, iter_time: 5.056, data_load_time: 0.006, loss: 1.3171
2026-01-31 14:13:55,101 - modelscope - INFO - epoch [3][5/7]	lr: 3.000e-07, eta: 0:00:07, iter_time: 5.569, data_load_time: 0.007, loss: 1.2489
2026-01-31 14:14:01,768 - modelscope - INFO - epoch [3][6/7]	lr: 3.000e-07, eta: 0:00:03, iter_time: 6.667, data_load_time: 0.005, loss: 1.2307
2026-01-31 14:14:02,955 - modelscope - INFO - epoch [3][7/7]	lr: 3.000e-07, eta: 0:00:00, iter_time: 1.187, data_load_time: 0.005, loss: 0.1317
2026-01-31 14:14:05,681 - modelscope - INFO - Saving checkpoint at 3 epoch
2026-01-31 14:14:13,268 - modelscope - INFO - epoch(eval) [3][7]	evaluation/precision: 0.7143, evaluation/recall: 1.0000, evaluation/f1: 0.8333
2026-01-31 14:14:13,269 - modelscope - INFO - Train finished. Uploading models, waiting...
2026-01-31 14:14:24,103 - modelscope - INFO - Checkpoint workspace/nlp_structbert_siamese-uninlu_chinese/zero_sample/custom/epoch_2.pth saving time: Sat Jan 31 14:13:27 2026, modelscope version: 1.27.1
2026-01-31 14:14:27,162 - modelscope - INFO - Checkpoint workspace/nlp_structbert_siamese-uninlu_chinese/zero_sample/custom/epoch_3.pth saving time: Sat Jan 31 14:14:05 2026, modelscope version: 1.27.1
